// Jest Snapshot v1, https://goo.gl/fbAQLP

exports[`<LicensePlate /> renders correctly 1`] = `
<View
  style={
    Object {
      "alignItems": "center",
      "backgroundColor": "#d6d8db",
      "borderColor": "#aeb2b7",
      "borderRadius": 10,
      "borderWidth": 5,
      "height": 75,
      "justifyContent": "center",
      "marginVertical": 10,
      "width": 275,
    }
  }
>
  <Text
    accessible={true}
    allowFontScaling={true}
    ellipsizeMode="tail"
    style={
      Object {
        "color": "#000",
        "fontFamily": "Mandatory",
        "fontSize": 50,
      }
    }
  >
    ABC-1234
  </Text>
</View>
`;
